<w> [webpack.cache.PackFileCacheStrategy] Caching failed for pack: Error: ENOENT: no such file or directory, lstat 'C:\Users\veliv\Desktop\Fyro\client\.next\server\vendor-chunks\goober.js'
<w> [webpack.cache.PackFileCacheStrategy/webpack.FileSystemInfo] Resolving './vendor-chunks/goober' in C:\Users\veliv\Desktop\Fyro\client\.next\server for build dependencies doesn't lead to expected result 'C:\Users\veliv\Desktop\Fyro\client\.next\server\vendor-chunks\goober.js', but to 'Error: Can't resolve './vendor-chunks/goober' in 'C:\Users\veliv\Desktop\Fyro\client\.next\server'' instead. Resolving dependencies are ignored for this path.
<w>  at resolve commonjs file ./vendor-chunks/goober (expected C:\Users\veliv\Desktop\Fyro\client\.next\server\vendor-chunks\goober.js)
<w>  at file dependencies C:\Users\veliv\Desktop\Fyro\client\.next\server\webpack-runtime.js
<w>  at file C:\Users\veliv\Desktop\Fyro\client\.next\server\webpack-runtime.js
<w>  at file dependencies C:\Users\veliv\Desktop\Fyro\client\.next\server\app\_not-found\page.js
<w>  at file C:\Users\veliv\Desktop\Fyro\client\.next\server\app\_not-found\page.js
<w>  at file dependencies C:\Users\veliv\Desktop\Fyro\client\node_modules\next\dist\server\require.js
<w>  at file C:\Users\veliv\Desktop\Fyro\client\node_modules\next\dist\server\require.js
<w>  at file dependencies C:\Users\veliv\Desktop\Fyro\client\node_modules\next\dist\server\load-components.js
<w>  at file C:\Users\veliv\Desktop\Fyro\client\node_modules\next\dist\server\load-components.js
<w>  at file dependencies C:\Users\veliv\Desktop\Fyro\client\node_modules\next\dist\build\utils.js
<w>  at file C:\Users\veliv\Desktop\Fyro\client\node_modules\next\dist\build\utils.js
<w>  at file dependencies C:\Users\veliv\Desktop\Fyro\client\node_modules\next\dist\build\webpack\loaders\next-route-loader\index.js
<w>  at file C:\Users\veliv\Desktop\Fyro\client\node_modules\next\dist\build\webpack\loaders\next-route-loader\index.js
<w>  at resolve commonjs C:\Users\veliv\Desktop\Fyro\client\node_modules\next\dist\build\webpack\loaders\next-route-loader\index.js
<w> [webpack.cache.PackFileCacheStrategy/webpack.FileSystemInfo] Resolving './vendor-chunks/react-hot-toast' in C:\Users\veliv\Desktop\Fyro\client\.next\server for build dependencies doesn't lead to expected result 'C:\Users\veliv\Desktop\Fyro\client\.next\server\vendor-chunks\react-hot-toast.js', but to 'Error: Can't resolve './vendor-chunks/react-hot-toast' in 'C:\Users\veliv\Desktop\Fyro\client\.next\server'' instead. Resolving dependencies are ignored for this path.
<w>  at resolve commonjs file ./vendor-chunks/react-hot-toast (expected C:\Users\veliv\Desktop\Fyro\client\.next\server\vendor-chunks\react-hot-toast.js)
<w>  at file dependencies C:\Users\veliv\Desktop\Fyro\client\.next\server\webpack-runtime.js
<w>  at file C:\Users\veliv\Desktop\Fyro\client\.next\server\webpack-runtime.js
<w>  at file dependencies C:\Users\veliv\Desktop\Fyro\client\.next\server\app\_not-found\page.js
<w>  at file C:\Users\veliv\Desktop\Fyro\client\.next\server\app\_not-found\page.js
<w>  at file dependencies C:\Users\veliv\Desktop\Fyro\client\node_modules\next\dist\server\require.js
<w>  at file C:\Users\veliv\Desktop\Fyro\client\node_modules\next\dist\server\require.js
<w>  at file dependencies C:\Users\veliv\Desktop\Fyro\client\node_modules\next\dist\server\load-components.js
<w>  at file C:\Users\veliv\Desktop\Fyro\client\node_modules\next\dist\server\load-components.js
<w>  at file dependencies C:\Users\veliv\Desktop\Fyro\client\node_modules\next\dist\build\utils.js
<w>  at file C:\Users\veliv\Desktop\Fyro\client\node_modules\next\dist\build\utils.js
<w>  at file dependencies C:\Users\veliv\Desktop\Fyro\client\node_modules\next\dist\build\webpack\loaders\next-route-loader\index.js
<w>  at file C:\Users\veliv\Desktop\Fyro\client\node_modules\next\dist\build\webpack\loaders\next-route-loader\index.js
<w>  at resolve commonjs C:\Users\veliv\Desktop\Fyro\client\node_modules\next\dist\build\webpack\loaders\next-route-loader\index.js
<w> [webpack.cache.PackFileCacheStrategy] Caching failed for pack: Error: ENOENT: no such file or directory, lstat 'C:\Users\veliv\Desktop\Fyro\client\.next\server\vendor-chunks\goober.js'
<w> [webpack.cache.PackFileCacheStrategy/webpack.FileSystemInfo] Resolving './vendor-chunks/goober' in C:\Users\veliv\Desktop\Fyro\client\.next\server for build dependencies doesn't lead to expected result 'C:\Users\veliv\Desktop\Fyro\client\.next\server\vendor-chunks\goober.js', but to 'Error: Can't resolve './vendor-chunks/goober' in 'C:\Users\veliv\Desktop\Fyro\client\.next\server'' instead. Resolving dependencies are ignored for this path.
<w>  at resolve commonjs file ./vendor-chunks/goober (expected C:\Users\veliv\Desktop\Fyro\client\.next\server\vendor-chunks\goober.js)
<w>  at file dependencies C:\Users\veliv\Desktop\Fyro\client\.next\server\webpack-runtime.js
<w>  at file C:\Users\veliv\Desktop\Fyro\client\.next\server\webpack-runtime.js
<w>  at file dependencies C:\Users\veliv\Desktop\Fyro\client\.next\server\app\(customer)\profile\page.js
<w>  at file C:\Users\veliv\Desktop\Fyro\client\.next\server\app\(customer)\profile\page.js
<w>  at file dependencies C:\Users\veliv\Desktop\Fyro\client\node_modules\next\dist\server\require.js
<w>  at file C:\Users\veliv\Desktop\Fyro\client\node_modules\next\dist\server\require.js
<w>  at file dependencies C:\Users\veliv\Desktop\Fyro\client\node_modules\next\dist\server\load-components.js
<w>  at file C:\Users\veliv\Desktop\Fyro\client\node_modules\next\dist\server\load-components.js
<w>  at file dependencies C:\Users\veliv\Desktop\Fyro\client\node_modules\next\dist\build\utils.js
<w>  at file C:\Users\veliv\Desktop\Fyro\client\node_modules\next\dist\build\utils.js
<w>  at file dependencies C:\Users\veliv\Desktop\Fyro\client\node_modules\next\dist\build\webpack\loaders\next-route-loader\index.js
<w>  at file C:\Users\veliv\Desktop\Fyro\client\node_modules\next\dist\build\webpack\loaders\next-route-loader\index.js
<w>  at resolve commonjs C:\Users\veliv\Desktop\Fyro\client\node_modules\next\dist\build\webpack\loaders\next-route-loader\index.js
<w> [webpack.cache.PackFileCacheStrategy/webpack.FileSystemInfo] Resolving './vendor-chunks/react-hot-toast' in C:\Users\veliv\Desktop\Fyro\client\.next\server for build dependencies doesn't lead to expected result 'C:\Users\veliv\Desktop\Fyro\client\.next\server\vendor-chunks\react-hot-toast.js', but to 'Error: Can't resolve './vendor-chunks/react-hot-toast' in 'C:\Users\veliv\Desktop\Fyro\client\.next\server'' instead. Resolving dependencies are ignored for this path.
<w>  at resolve commonjs file ./vendor-chunks/react-hot-toast (expected C:\Users\veliv\Desktop\Fyro\client\.next\server\vendor-chunks\react-hot-toast.js)
<w>  at file dependencies C:\Users\veliv\Desktop\Fyro\client\.next\server\webpack-runtime.js
<w>  at file C:\Users\veliv\Desktop\Fyro\client\.next\server\webpack-runtime.js
<w>  at file dependencies C:\Users\veliv\Desktop\Fyro\client\.next\server\app\(customer)\profile\page.js
<w>  at file C:\Users\veliv\Desktop\Fyro\client\.next\server\app\(customer)\profile\page.js
<w>  at file dependencies C:\Users\veliv\Desktop\Fyro\client\node_modules\next\dist\server\require.js
<w>  at file C:\Users\veliv\Desktop\Fyro\client\node_modules\next\dist\server\require.js
<w>  at file dependencies C:\Users\veliv\Desktop\Fyro\client\node_modules\next\dist\server\load-components.js
<w>  at file C:\Users\veliv\Desktop\Fyro\client\node_modules\next\dist\server\load-components.js
<w>  at file dependencies C:\Users\veliv\Desktop\Fyro\client\node_modules\next\dist\build\utils.js
<w>  at file C:\Users\veliv\Desktop\Fyro\client\node_modules\next\dist\build\utils.js
<w>  at file dependencies C:\Users\veliv\Desktop\Fyro\client\node_modules\next\dist\build\webpack\loaders\next-route-loader\index.js
<w>  at file C:\Users\veliv\Desktop\Fyro\client\node_modules\next\dist\build\webpack\loaders\next-route-loader\index.js
<w>  at resolve commonjs C:\Users\veliv\Desktop\Fyro\client\node_modules\next\dist\build\webpack\loaders\next-route-loader\index.js
<w> [webpack.cache.PackFileCacheStrategy/webpack.FileSystemInfo] Resolving './vendor-chunks/@swc' in C:\Users\veliv\Desktop\Fyro\client\.next\server for build dependencies doesn't lead to expected result 'C:\Users\veliv\Desktop\Fyro\client\.next\server\vendor-chunks\@swc.js', but to 'Error: Can't resolve './vendor-chunks/@swc' in 'C:\Users\veliv\Desktop\Fyro\client\.next\server'' instead. Resolving dependencies are ignored for this path.
<w>  at resolve commonjs file ./vendor-chunks/@swc (expected C:\Users\veliv\Desktop\Fyro\client\.next\server\vendor-chunks\@swc.js)
<w>  at file dependencies C:\Users\veliv\Desktop\Fyro\client\.next\server\webpack-runtime.js
<w>  at file C:\Users\veliv\Desktop\Fyro\client\.next\server\webpack-runtime.js
<w>  at file dependencies C:\Users\veliv\Desktop\Fyro\client\.next\server\app\(customer)\profile\page.js
<w>  at file C:\Users\veliv\Desktop\Fyro\client\.next\server\app\(customer)\profile\page.js
<w>  at file dependencies C:\Users\veliv\Desktop\Fyro\client\node_modules\next\dist\server\require.js
<w>  at file C:\Users\veliv\Desktop\Fyro\client\node_modules\next\dist\server\require.js
<w>  at file dependencies C:\Users\veliv\Desktop\Fyro\client\node_modules\next\dist\server\load-components.js
<w>  at file C:\Users\veliv\Desktop\Fyro\client\node_modules\next\dist\server\load-components.js
<w>  at file dependencies C:\Users\veliv\Desktop\Fyro\client\node_modules\next\dist\build\utils.js
<w>  at file C:\Users\veliv\Desktop\Fyro\client\node_modules\next\dist\build\utils.js
<w>  at file dependencies C:\Users\veliv\Desktop\Fyro\client\node_modules\next\dist\build\webpack\loaders\next-route-loader\index.js
<w>  at file C:\Users\veliv\Desktop\Fyro\client\node_modules\next\dist\build\webpack\loaders\next-route-loader\index.js
<w>  at resolve commonjs C:\Users\veliv\Desktop\Fyro\client\node_modules\next\dist\build\webpack\loaders\next-route-loader\index.js
 ⨯ TypeError: __webpack_modules__[moduleId] is not a function
    at Object.__webpack_require__ [as require] (C:\Users\veliv\Desktop\Fyro\client\.next\server\webpack-runtime.js:33:42)
    at JSON.parse (<anonymous>)
digest: "1951914545"
TypeError: __webpack_modules__[moduleId] is not a function
    at Object.__webpack_require__ [as require] (C:\Users\veliv\Desktop\Fyro\client\.next\server\webpack-runtime.js:33:42)
    at require (C:\Users\veliv\Desktop\Fyro\client\node_modules\next\dist\compiled\next-server\app-page.runtime.dev.js:39:19729)
    at C:\Users\veliv\Desktop\Fyro\client\node_modules\next\dist\compiled\next-server\app-page.runtime.dev.js:35:108279
    at eo (C:\Users\veliv\Desktop\Fyro\client\node_modules\next\dist\compiled\next-server\app-page.runtime.dev.js:35:108464)
    at C:\Users\veliv\Desktop\Fyro\client\node_modules\next\dist\compiled\next-server\app-page.runtime.dev.js:35:110693
    at Object._fromJSON (C:\Users\veliv\Desktop\Fyro\client\node_modules\next\dist\compiled\next-server\app-page.runtime.dev.js:35:111249)
    at JSON.parse (<anonymous>)
    at eu (C:\Users\veliv\Desktop\Fyro\client\node_modules\next\dist\compiled\next-server\app-page.runtime.dev.js:35:108958)
    at en (C:\Users\veliv\Desktop\Fyro\client\node_modules\next\dist\compiled\next-server\app-page.runtime.dev.js:35:108026)
    at C:\Users\veliv\Desktop\Fyro\client\node_modules\next\dist\compiled\next-server\app-page.runtime.dev.js:35:115168
    at C:\Users\veliv\Desktop\Fyro\client\node_modules\next\dist\compiled\next-server\app-page.runtime.dev.js:35:115185
    at C:\Users\veliv\Desktop\Fyro\client\node_modules\next\dist\compiled\next-server\app-page.runtime.dev.js:35:115218
    at C:\Users\veliv\Desktop\Fyro\client\node_modules\next\dist\compiled\next-server\app-page.runtime.dev.js:35:115235
    at t (C:\Users\veliv\Desktop\Fyro\client\node_modules\next\dist\compiled\next-server\app-page.runtime.dev.js:35:115458)
 ⨯ TypeError: __webpack_modules__[moduleId] is not a function
    at Object.__webpack_require__ [as require] (C:\Users\veliv\Desktop\Fyro\client\.next\server\webpack-runtime.js:33:42)
    at require (C:\Users\veliv\Desktop\Fyro\client\node_modules\next\dist\compiled\next-server\app-page.runtime.dev.js:39:19729)
    at C:\Users\veliv\Desktop\Fyro\client\node_modules\next\dist\compiled\next-server\app-page.runtime.dev.js:35:108279
    at eo (C:\Users\veliv\Desktop\Fyro\client\node_modules\next\dist\compiled\next-server\app-page.runtime.dev.js:35:108464)
    at C:\Users\veliv\Desktop\Fyro\client\node_modules\next\dist\compiled\next-server\app-page.runtime.dev.js:35:110693
    at Object._fromJSON (C:\Users\veliv\Desktop\Fyro\client\node_modules\next\dist\compiled\next-server\app-page.runtime.dev.js:35:111249)
    at JSON.parse (<anonymous>)
    at eu (C:\Users\veliv\Desktop\Fyro\client\node_modules\next\dist\compiled\next-server\app-page.runtime.dev.js:35:108958)
    at en (C:\Users\veliv\Desktop\Fyro\client\node_modules\next\dist\compiled\next-server\app-page.runtime.dev.js:35:108026)
    at C:\Users\veliv\Desktop\Fyro\client\node_modules\next\dist\compiled\next-server\app-page.runtime.dev.js:35:115168
    at C:\Users\veliv\Desktop\Fyro\client\node_modules\next\dist\compiled\next-server\app-page.runtime.dev.js:35:115185
    at C:\Users\veliv\Desktop\Fyro\client\node_modules\next\dist\compiled\next-server\app-page.runtime.dev.js:35:115218
    at C:\Users\veliv\Desktop\Fyro\client\node_modules\next\dist\compiled\next-server\app-page.runtime.dev.js:35:115235
    at t (C:\Users\veliv\Desktop\Fyro\client\node_modules\next\dist\compiled\next-server\app-page.runtime.dev.js:35:115458) {
  page: '/'
}
 ⨯ Error: Cannot find module './682.js'
Require stack:
- C:\Users\veliv\Desktop\Fyro\client\.next\server\webpack-runtime.js
- C:\Users\veliv\Desktop\Fyro\client\.next\server\app\login\page.js
- C:\Users\veliv\Desktop\Fyro\client\node_modules\next\dist\server\require.js
- C:\Users\veliv\Desktop\Fyro\client\node_modules\next\dist\server\load-components.js
- C:\Users\veliv\Desktop\Fyro\client\node_modules\next\dist\build\utils.js
- C:\Users\veliv\Desktop\Fyro\client\node_modules\next\dist\server\dev\hot-middleware.js
- C:\Users\veliv\Desktop\Fyro\client\node_modules\next\dist\server\dev\hot-reloader-webpack.js
- C:\Users\veliv\Desktop\Fyro\client\node_modules\next\dist\server\lib\router-utils\setup-dev-bundler.js
- C:\Users\veliv\Desktop\Fyro\client\node_modules\next\dist\server\lib\router-server.js
- C:\Users\veliv\Desktop\Fyro\client\node_modules\next\dist\server\lib\start-server.js
    at Function.<anonymous> (node:internal/modules/cjs/loader:1410:15)
    at C:\Users\veliv\Desktop\Fyro\client\node_modules\next\dist\server\require-hook.js:55:36
    at defaultResolveImpl (node:internal/modules/cjs/loader:1061:19)
    at resolveForCJSWithHooks (node:internal/modules/cjs/loader:1066:22)
    at Function._load (node:internal/modules/cjs/loader:1215:37)
    at TracingChannel.traceSync (node:diagnostics_channel:322:14)
    at wrapModuleLoad (node:internal/modules/cjs/loader:234:24)
    at Module.<anonymous> (node:internal/modules/cjs/loader:1496:12)
    at mod.require (C:\Users\veliv\Desktop\Fyro\client\node_modules\next\dist\server\require-hook.js:65:28)
    at require (node:internal/modules/helpers:135:16)
    at __webpack_require__.f.require (C:\Users\veliv\Desktop\Fyro\client\.next\server\webpack-runtime.js:198:28)
    at C:\Users\veliv\Desktop\Fyro\client\.next\server\webpack-runtime.js:111:40
    at Array.reduce (<anonymous>)
    at __webpack_require__.e (C:\Users\veliv\Desktop\Fyro\client\.next\server\webpack-runtime.js:110:67)
    at Array.map (<anonymous>)
    at __webpack_require__.X (C:\Users\veliv\Desktop\Fyro\client\.next\server\webpack-runtime.js:162:22)
    at C:\Users\veliv\Desktop\Fyro\client\.next\server\pages\_document.js:1:340
    at Object.<anonymous> (C:\Users\veliv\Desktop\Fyro\client\.next\server\pages\_document.js:1:382)
    at Module._compile (node:internal/modules/cjs/loader:1740:14)
    at Object..js (node:internal/modules/cjs/loader:1905:10)
    at Module.load (node:internal/modules/cjs/loader:1474:32)
    at Function._load (node:internal/modules/cjs/loader:1286:12)
    at TracingChannel.traceSync (node:diagnostics_channel:322:14)
    at wrapModuleLoad (node:internal/modules/cjs/loader:234:24)
    at Module.<anonymous> (node:internal/modules/cjs/loader:1496:12)
    at mod.require (C:\Users\veliv\Desktop\Fyro\client\node_modules\next\dist\server\require-hook.js:65:28)
    at require (node:internal/modules/helpers:135:16)
    at requirePage (C:\Users\veliv\Desktop\Fyro\client\node_modules\next\dist\server\require.js:109:84)
    at C:\Users\veliv\Desktop\Fyro\client\node_modules\next\dist\server\load-components.js:72:65
    at async Promise.all (index 0)
    at async loadComponentsImpl (C:\Users\veliv\Desktop\Fyro\client\node_modules\next\dist\server\load-components.js:71:33)
    at async DevServer.findPageComponentsImpl (C:\Users\veliv\Desktop\Fyro\client\node_modules\next\dist\server\next-server.js:710:36) {
  code: 'MODULE_NOT_FOUND',
  requireStack: [
    'C:\\Users\\veliv\\Desktop\\Fyro\\client\\.next\\server\\webpack-runtime.js',
    'C:\\Users\\veliv\\Desktop\\Fyro\\client\\.next\\server\\app\\login\\page.js',
    'C:\\Users\\veliv\\Desktop\\Fyro\\client\\node_modules\\next\\dist\\server\\require.js',
    'C:\\Users\\veliv\\Desktop\\Fyro\\client\\node_modules\\next\\dist\\server\\load-components.js',
    'C:\\Users\\veliv\\Desktop\\Fyro\\client\\node_modules\\next\\dist\\build\\utils.js',
    'C:\\Users\\veliv\\Desktop\\Fyro\\client\\node_modules\\next\\dist\\server\\dev\\hot-middleware.js',
    'C:\\Users\\veliv\\Desktop\\Fyro\\client\\node_modules\\next\\dist\\server\\dev\\hot-reloader-webpack.js',
    'C:\\Users\\veliv\\Desktop\\Fyro\\client\\node_modules\\next\\dist\\server\\lib\\router-utils\\setup-dev-bundler.js',
    'C:\\Users\\veliv\\Desktop\\Fyro\\client\\node_modules\\next\\dist\\server\\lib\\router-server.js',
    'C:\\Users\\veliv\\Desktop\\Fyro\\client\\node_modules\\next\\dist\\server\\lib\\start-server.js'
  ]
}
<w> [webpack.cache.PackFileCacheStrategy] Caching failed for pack: Error: ENOENT: no such file or directory, lstat 'C:\Users\veliv\Desktop\Fyro\client\.next\server\vendor-chunks\styled-jsx.js'
<w> [webpack.cache.PackFileCacheStrategy/webpack.FileSystemInfo] Resolving './vendor-chunks/styled-jsx' in C:\Users\veliv\Desktop\Fyro\client\.next\server for build dependencies doesn't lead to expected result 'C:\Users\veliv\Desktop\Fyro\client\.next\server\vendor-chunks\styled-jsx.js', but to 'Error: Can't resolve './vendor-chunks/styled-jsx' in 'C:\Users\veliv\Desktop\Fyro\client\.next\server'' instead. Resolving dependencies are ignored for this path.
<w>  at resolve commonjs file ./vendor-chunks/styled-jsx (expected C:\Users\veliv\Desktop\Fyro\client\.next\server\vendor-chunks\styled-jsx.js)
<w>  at file dependencies C:\Users\veliv\Desktop\Fyro\client\.next\server\webpack-runtime.js
<w>  at file C:\Users\veliv\Desktop\Fyro\client\.next\server\webpack-runtime.js
<w>  at file dependencies C:\Users\veliv\Desktop\Fyro\client\.next\server\pages\_app.js
<w>  at file C:\Users\veliv\Desktop\Fyro\client\.next\server\pages\_app.js
<w>  at file dependencies C:\Users\veliv\Desktop\Fyro\client\node_modules\next\dist\server\require.js
<w>  at file C:\Users\veliv\Desktop\Fyro\client\node_modules\next\dist\server\require.js
<w>  at file dependencies C:\Users\veliv\Desktop\Fyro\client\node_modules\next\dist\server\load-components.js
<w>  at file C:\Users\veliv\Desktop\Fyro\client\node_modules\next\dist\server\load-components.js
<w>  at file dependencies C:\Users\veliv\Desktop\Fyro\client\node_modules\next\dist\build\utils.js
<w>  at file C:\Users\veliv\Desktop\Fyro\client\node_modules\next\dist\build\utils.js
<w>  at file dependencies C:\Users\veliv\Desktop\Fyro\client\node_modules\next\dist\build\handle-externals.js
<w>  at file C:\Users\veliv\Desktop\Fyro\client\node_modules\next\dist\build\handle-externals.js
<w>  at file dependencies C:\Users\veliv\Desktop\Fyro\client\node_modules\next\dist\build\webpack\loaders\next-swc-loader.js
<w>  at file C:\Users\veliv\Desktop\Fyro\client\node_modules\next\dist\build\webpack\loaders\next-swc-loader.js
<w>  at resolve commonjs C:\Users\veliv\Desktop\Fyro\client\node_modules\next\dist\build\webpack\loaders\next-swc-loader.js
<w> [webpack.cache.PackFileCacheStrategy/webpack.FileSystemInfo] Resolving './vendor-chunks/es-object-atoms' in C:\Users\veliv\Desktop\Fyro\client\.next\server for build dependencies doesn't lead to expected result 'C:\Users\veliv\Desktop\Fyro\client\.next\server\vendor-chunks\es-object-atoms.js', but to 'Error: Can't resolve './vendor-chunks/es-object-atoms' in 'C:\Users\veliv\Desktop\Fyro\client\.next\server'' instead. Resolving dependencies are ignored for this path.
<w>  at resolve commonjs file ./vendor-chunks/es-object-atoms (expected C:\Users\veliv\Desktop\Fyro\client\.next\server\vendor-chunks\es-object-atoms.js)
<w>  at file dependencies C:\Users\veliv\Desktop\Fyro\client\.next\server\webpack-runtime.js
<w>  at file C:\Users\veliv\Desktop\Fyro\client\.next\server\webpack-runtime.js
<w>  at file dependencies C:\Users\veliv\Desktop\Fyro\client\.next\server\pages\_app.js
<w>  at file C:\Users\veliv\Desktop\Fyro\client\.next\server\pages\_app.js
<w>  at file dependencies C:\Users\veliv\Desktop\Fyro\client\node_modules\next\dist\server\require.js
<w>  at file C:\Users\veliv\Desktop\Fyro\client\node_modules\next\dist\server\require.js
<w>  at file dependencies C:\Users\veliv\Desktop\Fyro\client\node_modules\next\dist\server\load-components.js
<w>  at file C:\Users\veliv\Desktop\Fyro\client\node_modules\next\dist\server\load-components.js
<w>  at file dependencies C:\Users\veliv\Desktop\Fyro\client\node_modules\next\dist\build\utils.js
<w>  at file C:\Users\veliv\Desktop\Fyro\client\node_modules\next\dist\build\utils.js
<w>  at file dependencies C:\Users\veliv\Desktop\Fyro\client\node_modules\next\dist\build\handle-externals.js
<w>  at file C:\Users\veliv\Desktop\Fyro\client\node_modules\next\dist\build\handle-externals.js
<w>  at file dependencies C:\Users\veliv\Desktop\Fyro\client\node_modules\next\dist\build\webpack\loaders\next-swc-loader.js
<w>  at file C:\Users\veliv\Desktop\Fyro\client\node_modules\next\dist\build\webpack\loaders\next-swc-loader.js
<w>  at resolve commonjs C:\Users\veliv\Desktop\Fyro\client\node_modules\next\dist\build\webpack\loaders\next-swc-loader.js
<w> [webpack.cache.PackFileCacheStrategy/webpack.FileSystemInfo] Resolving './vendor-chunks/has-tostringtag' in C:\Users\veliv\Desktop\Fyro\client\.next\server for build dependencies doesn't lead to expected result 'C:\Users\veliv\Desktop\Fyro\client\.next\server\vendor-chunks\has-tostringtag.js', but to 'Error: Can't resolve './vendor-chunks/has-tostringtag' in 'C:\Users\veliv\Desktop\Fyro\client\.next\server'' instead. Resolving dependencies are ignored for this path.
<w>  at resolve commonjs file ./vendor-chunks/has-tostringtag (expected C:\Users\veliv\Desktop\Fyro\client\.next\server\vendor-chunks\has-tostringtag.js)
<w>  at file dependencies C:\Users\veliv\Desktop\Fyro\client\.next\server\webpack-runtime.js
<w>  at file C:\Users\veliv\Desktop\Fyro\client\.next\server\webpack-runtime.js
<w>  at file dependencies C:\Users\veliv\Desktop\Fyro\client\.next\server\pages\_app.js
<w>  at file C:\Users\veliv\Desktop\Fyro\client\.next\server\pages\_app.js
<w>  at file dependencies C:\Users\veliv\Desktop\Fyro\client\node_modules\next\dist\server\require.js
<w>  at file C:\Users\veliv\Desktop\Fyro\client\node_modules\next\dist\server\require.js
<w>  at file dependencies C:\Users\veliv\Desktop\Fyro\client\node_modules\next\dist\server\load-components.js
<w>  at file C:\Users\veliv\Desktop\Fyro\client\node_modules\next\dist\server\load-components.js
<w>  at file dependencies C:\Users\veliv\Desktop\Fyro\client\node_modules\next\dist\build\utils.js
<w>  at file C:\Users\veliv\Desktop\Fyro\client\node_modules\next\dist\build\utils.js
<w>  at file dependencies C:\Users\veliv\Desktop\Fyro\client\node_modules\next\dist\build\handle-externals.js
<w>  at file C:\Users\veliv\Desktop\Fyro\client\node_modules\next\dist\build\handle-externals.js
<w>  at file dependencies C:\Users\veliv\Desktop\Fyro\client\node_modules\next\dist\build\webpack\loaders\next-swc-loader.js
<w>  at file C:\Users\veliv\Desktop\Fyro\client\node_modules\next\dist\build\webpack\loaders\next-swc-loader.js
<w>  at resolve commonjs C:\Users\veliv\Desktop\Fyro\client\node_modules\next\dist\build\webpack\loaders\next-swc-loader.js
<w> [webpack.cache.PackFileCacheStrategy/webpack.FileSystemInfo] Resolving './vendor-chunks/hasown' in C:\Users\veliv\Desktop\Fyro\client\.next\server for build dependencies doesn't lead to expected result 'C:\Users\veliv\Desktop\Fyro\client\.next\server\vendor-chunks\hasown.js', but to 'Error: Can't resolve './vendor-chunks/hasown' in 'C:\Users\veliv\Desktop\Fyro\client\.next\server'' instead. Resolving dependencies are ignored for this path.
<w>  at resolve commonjs file ./vendor-chunks/hasown (expected C:\Users\veliv\Desktop\Fyro\client\.next\server\vendor-chunks\hasown.js)
<w>  at file dependencies C:\Users\veliv\Desktop\Fyro\client\.next\server\webpack-runtime.js
<w>  at file C:\Users\veliv\Desktop\Fyro\client\.next\server\webpack-runtime.js
<w>  at file dependencies C:\Users\veliv\Desktop\Fyro\client\.next\server\pages\_app.js
<w>  at file C:\Users\veliv\Desktop\Fyro\client\.next\server\pages\_app.js
<w>  at file dependencies C:\Users\veliv\Desktop\Fyro\client\node_modules\next\dist\server\require.js
<w>  at file C:\Users\veliv\Desktop\Fyro\client\node_modules\next\dist\server\require.js
<w>  at file dependencies C:\Users\veliv\Desktop\Fyro\client\node_modules\next\dist\server\load-components.js
<w>  at file C:\Users\veliv\Desktop\Fyro\client\node_modules\next\dist\server\load-components.js
<w>  at file dependencies C:\Users\veliv\Desktop\Fyro\client\node_modules\next\dist\build\utils.js
<w>  at file C:\Users\veliv\Desktop\Fyro\client\node_modules\next\dist\build\utils.js
<w>  at file dependencies C:\Users\veliv\Desktop\Fyro\client\node_modules\next\dist\build\handle-externals.js
<w>  at file C:\Users\veliv\Desktop\Fyro\client\node_modules\next\dist\build\handle-externals.js
<w>  at file dependencies C:\Users\veliv\Desktop\Fyro\client\node_modules\next\dist\build\webpack\loaders\next-swc-loader.js
<w>  at file C:\Users\veliv\Desktop\Fyro\client\node_modules\next\dist\build\webpack\loaders\next-swc-loader.js
<w>  at resolve commonjs C:\Users\veliv\Desktop\Fyro\client\node_modules\next\dist\build\webpack\loaders\next-swc-loader.js
<w> [webpack.cache.PackFileCacheStrategy/webpack.FileSystemInfo] Resolving './vendor-chunks/es-define-property' in C:\Users\veliv\Desktop\Fyro\client\.next\server for build dependencies doesn't lead to expected result 'C:\Users\veliv\Desktop\Fyro\client\.next\server\vendor-chunks\es-define-property.js', but to 'Error: Can't resolve './vendor-chunks/es-define-property' in 'C:\Users\veliv\Desktop\Fyro\client\.next\server'' instead. Resolving dependencies are ignored for this path.
<w>  at resolve commonjs file ./vendor-chunks/es-define-property (expected C:\Users\veliv\Desktop\Fyro\client\.next\server\vendor-chunks\es-define-property.js)
<w>  at file dependencies C:\Users\veliv\Desktop\Fyro\client\.next\server\webpack-runtime.js
<w>  at file C:\Users\veliv\Desktop\Fyro\client\.next\server\webpack-runtime.js
<w>  at file dependencies C:\Users\veliv\Desktop\Fyro\client\.next\server\pages\_app.js
<w>  at file C:\Users\veliv\Desktop\Fyro\client\.next\server\pages\_app.js
<w>  at file dependencies C:\Users\veliv\Desktop\Fyro\client\node_modules\next\dist\server\require.js
<w>  at file C:\Users\veliv\Desktop\Fyro\client\node_modules\next\dist\server\require.js
<w>  at file dependencies C:\Users\veliv\Desktop\Fyro\client\node_modules\next\dist\server\load-components.js
<w>  at file C:\Users\veliv\Desktop\Fyro\client\node_modules\next\dist\server\load-components.js
<w>  at file dependencies C:\Users\veliv\Desktop\Fyro\client\node_modules\next\dist\build\utils.js
<w>  at file C:\Users\veliv\Desktop\Fyro\client\node_modules\next\dist\build\utils.js
<w>  at file dependencies C:\Users\veliv\Desktop\Fyro\client\node_modules\next\dist\build\handle-externals.js
<w>  at file C:\Users\veliv\Desktop\Fyro\client\node_modules\next\dist\build\handle-externals.js
<w>  at file dependencies C:\Users\veliv\Desktop\Fyro\client\node_modules\next\dist\build\webpack\loaders\next-swc-loader.js
<w>  at file C:\Users\veliv\Desktop\Fyro\client\node_modules\next\dist\build\webpack\loaders\next-swc-loader.js
<w>  at resolve commonjs C:\Users\veliv\Desktop\Fyro\client\node_modules\next\dist\build\webpack\loaders\next-swc-loader.js
